export const snapshot = {};

snapshot[`xml large example 1`] = `
{
  type: "ParseOK",
  value: {
    attributes: {},
    children: [
      "
      ",
      {
        attributes: {
          key: "string-a",
        },
        children: [
          {
            attributes: {},
            children: [
              "alpha",
            ],
            name: "String",
          },
        ],
        name: "Entry",
      },
      {
        attributes: {
          key: "string-b",
        },
        children: [
          {
            attributes: {},
            children: [
              "bravo",
            ],
            name: "String",
          },
        ],
        name: "Entry",
      },
      {
        attributes: {
          key: "string-c",
        },
        children: [
          {
            attributes: {},
            children: [
              "charlie",
            ],
            name: "String",
          },
        ],
        name: "Entry",
      },
      {
        attributes: {
          key: "list",
        },
        children: [
          "
        ",
          {
            attributes: {},
            children: [
              "
          ",
              {
                attributes: {},
                children: [
                  "a",
                ],
                name: "String",
              },
              {
                attributes: {},
                children: [
                  "b",
                ],
                name: "String",
              },
              {
                attributes: {},
                children: [
                  "c",
                ],
                name: "String",
              },
            ],
            name: "List",
          },
        ],
        name: "Entry",
      },
      {
        attributes: {
          key: "null",
        },
        children: [
          {
            attributes: {},
            children: [],
            name: "Null",
          },
        ],
        name: "Entry",
      },
      {
        attributes: {
          key: "empty",
        },
        children: [],
        name: "Entry",
      },
    ],
    name: "Map",
  },
}
`;
